kotlin version: 2.0.0
error message: org.jetbrains.kotlin.util.KotlinFrontEndException: Exception while analyzing expression in (90,33) in /Users/bala/AndroidStudioProjects/hima_app/app/src/main/java/com/gmwapp/hima/activities/NewLoginActivity.kt

Attachments:
causeThrowable
java.lang.IllegalStateException: Could not read class: VirtualFile: /Users/bala/AndroidStudioProjects/hima_app/app/build/intermediates/compile_and_runtime_not_namespaced_r_class_jar/productionDebug/processProductionDebugResources/R.jar!/com/gmwapp/hima/R$color.class
	at org.jetbrains.kotlin.load.java.structure.impl.classFiles.BinaryJavaClass.<init>(BinaryJavaClass.kt:124)
	at org.jetbrains.kotlin.load.java.structure.impl.classFiles.BinaryJavaClass.findInnerClass(BinaryJavaClass.kt:255)
	at org.jetbrains.kotlin.cli.jvm.compiler.KotlinCliJavaFileManagerImpl.findClass(KotlinCliJavaFileManagerImpl.kt:121)
	at org.jetbrains.kotlin.resolve.jvm.KotlinJavaPsiFacade$CliFinder.findClass(KotlinJavaPsiFacade.java:538)
	at org.jetbrains.kotlin.resolve.jvm.KotlinJavaPsiFacade.findClass(KotlinJavaPsiFacade.java:181)
	at org.jetbrains.kotlin.load.java.JavaClassFinderImpl.findClass(JavaClassFinderImpl.kt:46)
	at org.jetbrains.kotlin.load.java.lazy.descriptors.LazyJavaClassMemberScope.nestedClasses$lambda$59(LazyJavaClassMemberScope.kt:817)
	at org.jetbrains.kotlin.storage.LockBasedStorageManager$MapBasedMemoizedFunction.invoke(LockBasedStorageManager.java:578)
	at org.jetbrains.kotlin.load.java.lazy.descriptors.LazyJavaClassMemberScope.getContributedClassifier(LazyJavaClassMemberScope.kt:860)
	at org.jetbrains.kotlin.resolve.scopes.InnerClassesScopeWrapper.getContributedClassifier(InnerClassesScopeWrapper.kt:29)
	at org.jetbrains.kotlin.resolve.QualifiedExpressionResolver.getContributedClassifier(QualifiedExpressionResolver.kt:570)
	at org.jetbrains.kotlin.resolve.QualifiedExpressionResolver.resolveToPackageOrClassPrefix(QualifiedExpressionResolver.kt:538)
	at org.jetbrains.kotlin.resolve.QualifiedExpressionResolver.resolveQualifierInExpressionAndUnroll(QualifiedExpressionResolver.kt:646)
	at org.jetbrains.kotlin.resolve.calls.CallExpressionResolver.elementChain(CallExpressionResolver.kt:295)
	at org.jetbrains.kotlin.resolve.calls.CallExpressionResolver.getQualifiedExpressionTypeInfo(CallExpressionResolver.kt:440)
	at org.jetbrains.kotlin.types.expressions.BasicExpressionTypingVisitor.visitQualifiedExpression(BasicExpressionTypingVisitor.java:725)
	at org.jetbrains.kotlin.types.expressions.ExpressionTypingVisitorDispatcher.visitQualifiedExpression(ExpressionTypingVisitorDispatcher.java:391)
	at org.jetbrains.kotlin.types.expressions.ExpressionTypingVisitorDispatcher$ForDeclarations.visitQualifiedExpression(ExpressionTypingVisitorDispatcher.java:47)
	at org.jetbrains.kotlin.psi.KtVisitor.visitDotQualifiedExpression(KtVisitor.java:316)
	at org.jetbrains.kotlin.psi.KtDotQualifiedExpression.accept(KtDotQualifiedExpression.kt:33)
	at org.jetbrains.kotlin.types.expressions.ExpressionTypingVisitorDispatcher.lambda$getTypeInfo$0(ExpressionTypingVisitorDispatcher.java:176)
	at org.jetbrains.kotlin.util.PerformanceCounter.time(PerformanceCounter.kt:90)
	at org.jetbrains.kotlin.types.expressions.ExpressionTypingVisitorDispatcher.getTypeInfo(ExpressionTypingVisitorDispatcher.java:165)
	at org.jetbrains.kotlin.types.expressions.ExpressionTypingVisitorDispatcher.getTypeInfo(ExpressionTypingVisitorDispatcher.java:135)
	at org.jetbrains.kotlin.types.expressions.ExpressionTypingServices.getTypeInfo(ExpressionTypingServices.java:126)
	at org.jetbrains.kotlin.resolve.calls.tower.PSICallResolver.resolveValueArgument(PSICallResolver.kt:818)
	at org.jetbrains.kotlin.resolve.calls.tower.PSICallResolver.resolveArgumentsInParenthesis(PSICallResolver.kt:754)
	at org.jetbrains.kotlin.resolve.calls.tower.PSICallResolver.toKotlinCall(PSICallResolver.kt:613)
	at org.jetbrains.kotlin.resolve.calls.tower.PSICallResolver.toKotlinCall$default(PSICallResolver.kt:589)
	at org.jetbrains.kotlin.resolve.calls.tower.PSICallResolver.runResolutionAndInference(PSICallResolver.kt:109)
	at org.jetbrains.kotlin.resolve.calls.CallResolver.doResolveCallOrGetCachedResults(CallResolver.java:602)
	at org.jetbrains.kotlin.resolve.calls.CallResolver.lambda$computeTasksAndResolveCall$0(CallResolver.java:213)
	at org.jetbrains.kotlin.util.PerformanceCounter.time(PerformanceCounter.kt:90)
	at org.jetbrains.kotlin.resolve.calls.CallResolver.computeTasksAndResolveCall(CallResolver.java:211)
	at org.jetbrains.kotlin.resolve.calls.CallResolver.computeTasksAndResolveCall(CallResolver.java:199)
	at org.jetbrains.kotlin.resolve.calls.CallResolver.resolveFunctionCall(CallResolver.java:329)
	at org.jetbrains.kotlin.resolve.calls.CallExpressionResolver.getResolvedCallForFunction(CallExpressionResolver.kt:86)
	at org.jetbrains.kotlin.resolve.calls.CallExpressionResolver.getCallExpressionTypeInfoWithoutFinalTypeCheck(CallExpressionResolver.kt:208)
	at org.jetbrains.kotlin.resolve.calls.CallExpressionResolver.getCallExpressionTypeInfo(CallExpressionResolver.kt:185)
	at org.jetbrains.kotlin.types.expressions.BasicExpressionTypingVisitor.visitCallExpression(BasicExpressionTypingVisitor.java:731)
	at org.jetbrains.kotlin.types.expressions.ExpressionTypingVisitorDispatcher.visitCallExpression(ExpressionTypingVisitorDispatcher.java:396)
	at org.jetbrains.kotlin.types.expressions.ExpressionTypingVisitorDispatcher$ForDeclarations.visitCallExpression(ExpressionTypingVisitorDispatcher.java:47)
	at org.jetbrains.kotlin.psi.KtCallExpression.accept(KtCallExpression.java:35)
	at org.jetbrains.kotlin.types.expressions.ExpressionTypingVisitorDispatcher.lambda$getTypeInfo$0(ExpressionTypingVisitorDispatcher.java:176)
	at org.jetbrains.kotlin.util.PerformanceCounter.time(PerformanceCounter.kt:90)
	at org.jetbrains.kotlin.types.expressions.ExpressionTypingVisitorDispatcher.getTypeInfo(ExpressionTypingVisitorDispatcher.java:165)
	at org.jetbrains.kotlin.types.expressions.ExpressionTypingVisitorDispatcher.getTypeInfo(ExpressionTypingVisitorDispatcher.java:135)
	at org.jetbrains.kotlin.types.expressions.ExpressionTypingVisitorDispatcher.getTypeInfo(ExpressionTypingVisitorDispatcher.java:147)
	at org.jetbrains.kotlin.types.expressions.ExpressionTypingServices.getTypeInfo(ExpressionTypingServices.java:121)
	at org.jetbrains.kotlin.types.expressions.ExpressionTypingServices.getTypeInfo(ExpressionTypingServices.java:96)
	at org.jetbrains.kotlin.types.expressions.ExpressionTypingServices.getType(ExpressionTypingServices.java:138)
	at org.jetbrains.kotlin.types.expressions.ExpressionTypingServices.safeGetType(ExpressionTypingServices.java:81)
	at org.jetbrains.kotlin.resolve.VariableTypeAndInitializerResolver.resolveInitializerType(VariableTypeAndInitializerResolver.kt:178)
	at org.jetbrains.kotlin.resolve.VariableTypeAndInitializerResolver.resolveTypeNullable$lambda$1(VariableTypeAndInitializerResolver.kt:94)
	at org.jetbrains.kotlin.storage.LockBasedStorageManager$LockBasedLazyValue.invoke(LockBasedStorageManager.java:408)
	at org.jetbrains.kotlin.storage.LockBasedStorageManager$LockBasedNotNullLazyValue.invoke(LockBasedStorageManager.java:527)
	at org.jetbrains.kotlin.types.DeferredType.getDelegate(DeferredType.java:108)
	at org.jetbrains.kotlin.types.WrappedType.getAttributes(KotlinType.kt:135)
	at org.jetbrains.kotlin.types.KotlinType.getAnnotations(KotlinType.kt:57)
	at org.jetbrains.kotlin.resolve.lazy.ForceResolveUtil.forceResolveAllContents(ForceResolveUtil.java:109)
	at org.jetbrains.kotlin.resolve.lazy.ForceResolveUtil.doForceResolveAllContents(ForceResolveUtil.java:96)
	at org.jetbrains.kotlin.resolve.lazy.ForceResolveUtil.forceResolveAllContents(ForceResolveUtil.java:42)
	at org.jetbrains.kotlin.resolve.lazy.ForceResolveUtil.forceResolveAllContents(ForceResolveUtil.java:52)
	at org.jetbrains.kotlin.resolve.lazy.ForceResolveUtil.forceResolveAllContents(ForceResolveUtil.java:47)
	at org.jetbrains.kotlin.resolve.lazy.descriptors.LazyClassDescriptor.doForceResolveAllContents(LazyClassDescriptor.java:733)
	at org.jetbrains.kotlin.resolve.lazy.descriptors.LazyClassDescriptor.lambda$new$4(LazyClassDescriptor.java:222)
	at org.jetbrains.kotlin.storage.LockBasedStorageManager$LockBasedLazyValue.invoke(LockBasedStorageManager.java:408)
	at org.jetbrains.kotlin.resolve.lazy.descriptors.LazyClassDescriptor.forceResolveAllContents(LazyClassDescriptor.java:721)
	at org.jetbrains.kotlin.resolve.lazy.ForceResolveUtil.doForceResolveAllContents(ForceResolveUtil.java:78)
	at org.jetbrains.kotlin.resolve.lazy.ForceResolveUtil.forceResolveAllContents(ForceResolveUtil.java:42)
	at org.jetbrains.kotlin.resolve.jvm.extensions.PartialAnalysisHandlerExtension.doAnalysis$lambda$0(PartialAnalysisHandlerExtension.kt:73)
	at org.jetbrains.kotlin.resolve.jvm.extensions.PartialAnalysisHandlerExtension.doForEachDeclaration(PartialAnalysisHandlerExtension.kt:126)
	at org.jetbrains.kotlin.resolve.jvm.extensions.PartialAnalysisHandlerExtension.doForEachDeclaration(PartialAnalysisHandlerExtension.kt:141)
	at org.jetbrains.kotlin.resolve.jvm.extensions.PartialAnalysisHandlerExtension.doAnalysis(PartialAnalysisHandlerExtension.kt:68)
	at org.jetbrains.kotlin.kapt3.AbstractKapt3Extension.doAnalysis(Kapt3Extension.kt:130)
	at org.jetbrains.kotlin.cli.jvm.compiler.TopDownAnalyzerFacadeForJVM.analyzeFilesWithJavaIntegration(TopDownAnalyzerFacadeForJVM.kt:112)
	at org.jetbrains.kotlin.cli.jvm.compiler.TopDownAnalyzerFacadeForJVM.analyzeFilesWithJavaIntegration$default(TopDownAnalyzerFacadeForJVM.kt:75)
	at org.jetbrains.kotlin.cli.jvm.compiler.KotlinToJVMBytecodeCompiler.analyze$lambda$12(KotlinToJVMBytecodeCompiler.kt:373)
	at org.jetbrains.kotlin.cli.common.messages.AnalyzerWithCompilerReport.analyzeAndReport(AnalyzerWithCompilerReport.kt:115)
	at org.jetbrains.kotlin.cli.jvm.compiler.KotlinToJVMBytecodeCompiler.analyze(KotlinToJVMBytecodeCompiler.kt:364)
	at org.jetbrains.kotlin.cli.jvm.compiler.KotlinToJVMBytecodeCompiler.runFrontendAndGenerateIrUsingClassicFrontend(KotlinToJVMBytecodeCompiler.kt:195)
	at org.jetbrains.kotlin.cli.jvm.compiler.KotlinToJVMBytecodeCompiler.compileModules$cli(KotlinToJVMBytecodeCompiler.kt:106)
	at org.jetbrains.kotlin.cli.jvm.K2JVMCompiler.doExecute(K2JVMCompiler.kt:176)
	at org.jetbrains.kotlin.cli.jvm.K2JVMCompiler.doExecute(K2JVMCompiler.kt:50)
	at org.jetbrains.kotlin.cli.common.CLICompiler.execImpl(CLICompiler.kt:104)
	at org.jetbrains.kotlin.cli.common.CLICompiler.execImpl(CLICompiler.kt:48)
	at org.jetbrains.kotlin.cli.common.CLITool.exec(CLITool.kt:101)
	at org.jetbrains.kotlin.incremental.IncrementalJvmCompilerRunner.runCompiler(IncrementalJvmCompilerRunner.kt:453)
	at org.jetbrains.kotlin.incremental.IncrementalJvmCompilerRunner.runCompiler(IncrementalJvmCompilerRunner.kt:62)
	at org.jetbrains.kotlin.incremental.IncrementalCompilerRunner.doCompile(IncrementalCompilerRunner.kt:506)
	at org.jetbrains.kotlin.incremental.IncrementalCompilerRunner.compileImpl(IncrementalCompilerRunner.kt:423)
	at org.jetbrains.kotlin.incremental.IncrementalCompilerRunner.compileNonIncrementally(IncrementalCompilerRunner.kt:301)
	at org.jetbrains.kotlin.incremental.IncrementalCompilerRunner.compile(IncrementalCompilerRunner.kt:129)
	at org.jetbrains.kotlin.daemon.CompileServiceImplBase.execIncrementalCompiler(CompileServiceImpl.kt:676)
	at org.jetbrains.kotlin.daemon.CompileServiceImplBase.access$execIncrementalCompiler(CompileServiceImpl.kt:92)
	at org.jetbrains.kotlin.daemon.CompileServiceImpl.compile(CompileServiceImpl.kt:1661)
	at jdk.internal.reflect.GeneratedMethodAccessor97.invoke(Unknown Source)
	at java.base/jdk.internal.reflect.DelegatingMethodAccessorImpl.invoke(DelegatingMethodAccessorImpl.java:43)
	at java.base/java.lang.reflect.Method.invoke(Method.java:569)
	at java.rmi/sun.rmi.server.UnicastServerRef.dispatch(UnicastServerRef.java:360)
	at java.rmi/sun.rmi.transport.Transport$1.run(Transport.java:200)
	at java.rmi/sun.rmi.transport.Transport$1.run(Transport.java:197)
	at java.base/java.security.AccessController.doPrivileged(AccessController.java:712)
	at java.rmi/sun.rmi.transport.Transport.serviceCall(Transport.java:196)
	at java.rmi/sun.rmi.transport.tcp.TCPTransport.handleMessages(TCPTransport.java:587)
	at java.rmi/sun.rmi.transport.tcp.TCPTransport$ConnectionHandler.run0(TCPTransport.java:828)
	at java.rmi/sun.rmi.transport.tcp.TCPTransport$ConnectionHandler.lambda$run$0(TCPTransport.java:705)
	at java.base/java.security.AccessController.doPrivileged(AccessController.java:399)
	at java.rmi/sun.rmi.transport.tcp.TCPTransport$ConnectionHandler.run(TCPTransport.java:704)
	at java.base/java.util.concurrent.ThreadPoolExecutor.runWorker(ThreadPoolExecutor.java:1136)
	at java.base/java.util.concurrent.ThreadPoolExecutor$Worker.run(ThreadPoolExecutor.java:635)
	at java.base/java.lang.Thread.run(Thread.java:840)
Caused by: java.nio.file.NoSuchFileException: /Users/bala/AndroidStudioProjects/hima_app/app/build/intermediates/compile_and_runtime_not_namespaced_r_class_jar/productionDebug/processProductionDebugResources/R.jar
	at java.base/sun.nio.fs.UnixException.translateToIOException(UnixException.java:92)
	at java.base/sun.nio.fs.UnixException.rethrowAsIOException(UnixException.java:106)
	at java.base/sun.nio.fs.UnixException.rethrowAsIOException(UnixException.java:111)
	at java.base/sun.nio.fs.UnixFileAttributeViews$Basic.readAttributes(UnixFileAttributeViews.java:55)
	at java.base/sun.nio.fs.UnixFileSystemProvider.readAttributes(UnixFileSystemProvider.java:148)
	at java.base/java.nio.file.Files.readAttributes(Files.java:1851)
	at org.jetbrains.kotlin.com.intellij.openapi.vfs.impl.ZipHandler.acquireZipHandle(ZipHandler.java:50)
	at org.jetbrains.kotlin.com.intellij.openapi.vfs.impl.ZipHandlerBase.contentsToByteArray(ZipHandlerBase.java:100)
	at org.jetbrains.kotlin.com.intellij.openapi.vfs.impl.jar.CoreJarVirtualFile.contentsToByteArray(CoreJarVirtualFile.java:111)
	at org.jetbrains.kotlin.load.java.structure.impl.classFiles.BinaryJavaClass.<init>(BinaryJavaClass.kt:119)
	... 111 more

----
expression.kt
<File name: NewLoginActivity.kt, Physical: true>
@AndroidEntryPoint
class NewLoginActivity : BaseActivity(), OnItemSelectionListener<Country> {

    private lateinit var binding: ActivityNewLoginBinding // Ensure you have view binding enabled
    private val loginViewModel: LoginViewModel by viewModels()
    private val referralCodeViewModel : ReferralCodeViewModel by viewModels()

    private var otp: Int? = null
    private var mobile: String? = null
    private var truecallerCodeVerifier: String? = "0"
    private var timer: CountDownTimer?=null

    // Colors, images, titles, subtitles for onboarding
    private val colors = listOf(<ELEMENT>R.color.purple_400</ELEMENT>, R.color.brown, R.color.green)
    private val images = listOf(R.drawable.im_onbording1, R.drawable.im_onbording2, R.drawable.im_onbording3)
    private val titles = listOf("Earphones on!", "Voice call & Video call", "100% safe and secure")
    private val subtitles = listOf("No real pics, Only Avatar", "Find best friends", "Zero fake profiles")


//    private val requiredPermissions = arrayOf(
//        android.Manifest.permission.READ_PHONE_STATE,
//        android.Manifest.permission.READ_CALL_LOG,
//        android.Manifest.permission.ANSWER_PHONE_CALLS
//    )
//
//    private fun checkAndRequestPermissions() {
//        val missing = requiredPermissions.filter {
//            ContextCompat.checkSelfPermission(this, it) != PackageManager.PERMISSION_GRANTED
//        }
//
//        if (missing.isNotEmpty()) {
//            ActivityCompat.requestPermissions(this, missing.toTypedArray(), 1001)
//        }
//    }


    // Define the callback that handles login result
    private val tcOAuthCallback = object : TcOAuthCallback {
        override fun onSuccess(tcOAuthData: TcOAuthData) {
            // Handle successful login
            val code = tcOAuthData.authorizationCode
            val state = tcOAuthData.state
            val scopes = tcOAuthData.scopesGranted
            // Toast.makeText(this@NewLoginActivity, "Success! Code: $code", Toast.LENGTH_LONG).show()
            Log.d("truecallerCodeVerifier","$code ")
            Log.d("truecallerCodeVerifier","$truecallerCodeVerifier ")
            truecallerCodeVerifier?.let { loginViewModel.login("0",code, it) }
            initOtpUI("",0,0)

            // You should send 'code' to your backend for token exchange
        }

        override fun onVerificationRequired(tcOAuthError: TcOAuthError?) {

            showPhoneInputDialogForTruecallerFallback()
        }


        override fun onFailure(tcOAuthError: TcOAuthError) {
            // Handle login failure
            Toast.makeText(this@NewLoginActivity, "Error: ${tcOAuthError.errorMessage}", Toast.LENGTH_LONG).show()
        }
    }

    val verificationCallback = object : VerificationCallback {
        override fun onRequestSuccess(callbackType: Int, bundle: VerificationDataBundle?) {
            when (callbackType) {

//                VerificationCallback.TYPE_MISSED_CALL_INITIATED -> {
//                    val ttl = bundle?.getString(VerificationDataBundle.KEY_TTL)
//                    val nonce = bundle?.getString(VerificationDataBundle.KEY_REQUEST_NONCE)
//                    Log.d("verificationCallback", "Missed call initiated: TTL=$ttl, Nonce=$nonce")
//                }
//
//                VerificationCallback.TYPE_MISSED_CALL_RECEIVED -> {
//                    Log.d("verificationCallback", "Missed call received, now verifying")
//
//                    val profile = TrueProfile.Builder("Rishabh", "Kumar").build()
//                    TcSdk.getInstance().verifyMissedCall(profile, this) // 'this' = VerificationCallback
//                }

                VerificationCallback.TYPE_OTP_INITIATED -> {
                    val ttl = bundle?.getString(VerificationDataBundle.KEY_TTL)
                    val nonce = bundle?.getString(VerificationDataBundle.KEY_REQUEST_NONCE)
                    Log.d("verificationCallback", "OTP initiated: TTL=$ttl, Nonce=$nonce")
                }

                VerificationCallback.TYPE_OTP_RECEIVED -> {
                    val otp = bundle?.getString(VerificationDataBundle.KEY_OTP)
                    Log.d("verificationCallback", "OTP auto-received: $otp")
                    // Auto-fill to your EditText
                    binding.pvOtp.setText(otp)
                }

                VerificationCallback.TYPE_VERIFICATION_COMPLETE -> {
                    val token = bundle?.getString(VerificationDataBundle.KEY_ACCESS_TOKEN)
                    Log.d("verificationCallback", "Verification complete, token: $token")

                    // TODO: Send this access token to your server for validation
                    Toast.makeText(this@NewLoginActivity, "Verified!", Toast.LENGTH_SHORT).show()
                }

                VerificationCallback.TYPE_PROFILE_VERIFIED_BEFORE -> {
                    val token = bundle?.profile?.accessToken
                    Log.d("verificationCallback", "Already verified before, token: $token")

                    // TODO: Use token if needed
                    Toast.makeText(this@NewLoginActivity, "Already Verified", Toast.LENGTH_SHORT).show()
                }
            }
        }

        override fun onRequestFailure(callbackType: Int, e: TrueException) {
            Log.e("Truecaller", "Verification failed: ${e.exceptionMessage}")
            Toast.makeText(this@NewLoginActivity, "Verification failed: ${e.exceptionMessage}", Toast.LENGTH_SHORT).show()
        }
    }



    private val smsBroadcastReceiver = object : BroadcastReceiver() {
        override fun onReceive(context: Context?, intent: Intent?) {
            if (SmsRetriever.SMS_RETRIEVED_ACTION == intent?.action) {
                val extras = intent.extras
                val status = extras?.get(SmsRetriever.EXTRA_STATUS) as Status
                when (status.statusCode) {
                    CommonStatusCodes.SUCCESS -> {
                        val message = extras.get(SmsRetriever.EXTRA_SMS_MESSAGE) as String
                        Log.d("OTP", "Message received: $message")

                        // Extract 6-digit OTP
                        val otpRegex = Regex("\\d{6}")
                        val getOtp = otpRegex.find(message)?.value
                        getOtp?.let {
                          //  binding.pvOtp.setText(it)
                            Log.d("OtpExtract","$it")
                        }
                    }
                    CommonStatusCodes.TIMEOUT -> {
                        Log.e("OTP", "SMS Retriever timed out (5 minutes)")
                    }
                }
            }
        }
    }

    private fun startSmsRetriever() {
        val client = SmsRetriever.getClient(this)
        val task = client.startSmsRetriever()
        task.addOnSuccessListener { Log.d("OTP", "SMS Retriever started") }
        task.addOnFailureListener { Log.e("OTP", "Error starting SMS retriever", it) }
    }

    override fun onStart() {
        super.onStart()
        val filter = IntentFilter(SmsRetriever.SMS_RETRIEVED_ACTION)
        if (android.os.Build.VERSION.SDK_INT >= android.os.Build.VERSION_CODES.TIRAMISU) {
            registerReceiver(smsBroadcastReceiver, filter, Context.RECEIVER_EXPORTED)
        } else {
            @Suppress("DEPRECATION")
            registerReceiver(smsBroadcastReceiver, filter)
        }
        startSmsRetriever()
    }


    override fun onStop() {
        super.onStop()
        unregisterReceiver(smsBroadcastReceiver)
    }

//    @Suppress("DEPRECATION")
//    private fun getAppSignatures(): List<String> {
//        val appCodes: MutableList<String> = ArrayList()
//        try {
//            val packageName = packageName
//            val packageManager = packageManager
//            val packageInfo = packageManager.getPackageInfo(
//                packageName,
//                PackageManager.GET_SIGNING_CERTIFICATES // safe on 28+, ignored on lower
//            )
//
//            val signatures = if (android.os.Build.VERSION.SDK_INT >= android.os.Build.VERSION_CODES.P) {
//                packageInfo.signingInfo?.apkContentsSigners
//            } else {
//                packageInfo.signatures
//            }
//
//            if (signatures != null) {
//                for (signature in signatures) {
//                    val hash = hash(packageName, signature.toCharsString())
//                    if (hash != null) {
//                        appCodes.add(hash)
//                        Log.d("AppHash", "Hash: $hash")
//                    }
//                }
//            }
//        } catch (e: Exception) {
//            Log.e("AppHash", "Error getting signatures", e)
//        }
//        return appCodes
//    }
//
//    private fun hash(packageName: String, signature: String): String? {
//        val appInfo = "$packageName $signature"
//        return try {
//            val messageDigest = MessageDigest.getInstance("SHA-256")
//            messageDigest.update(appInfo.toByteArray(Charsets.UTF_8))
//            val hashSignature = messageDigest.digest()
//            val truncated = Arrays.copyOfRange(hashSignature, 0, 9) // first 9 bytes
//            Base64.encodeToString(truncated, Base64.NO_PADDING or Base64.NO_WRAP).substring(0, 11)
//        } catch (e: NoSuchAlgorithmException) {
//            Log.e("AppHash", "NoSuchAlgorithm", e)
//            null
//        }
//    }








    override fun onCreate(savedInstanceState: Bundle?) {
        super.onCreate(savedInstanceState)
        binding = ActivityNewLoginBinding.inflate(layoutInflater)
        setContentView(binding.root)
        enableEdgeToEdge()

        val helper = AppSignatureHashHelper(this)
        val hashList = helper.appSignatures

        for (hash in hashList) {
            Log.d("AppHash", "Your app hash: $hash")
        }


        ZohoSalesIQ.showLauncher(false)

        // setupOnboarding() // Disabled for clean UI
        initUI()
        observeReferralCodeResponse()

        CoroutineScope(Dispatchers.IO).launch {
            OneSignal.Notifications.requestPermission(true)
        }

        val prefs = getSharedPreferences("my_app_prefs", Context.MODE_PRIVATE)

        prefs.edit().remove("notification_user_id").apply()

        binding.loginSection.visibility  = View.VISIBLE
        binding.otpSection.visibility  = View.GONE

        val tcSdkOptions = TcSdkOptions.Builder(this, tcOAuthCallback)
            .sdkOptions(TcSdkOptions.OPTION_VERIFY_ALL_USERS)
            .build()

        lifecycleScope.launch {
            withContext(Dispatchers.IO) {
                TcSdk.init(tcSdkOptions)
            }

            withContext(Dispatchers.Main) {
                if (TcSdk.getInstance().isOAuthFlowUsable) {
                    // ⚠️ Set these before login
                    val stateRequested = BigInteger(130, SecureRandom()).toString(32)
                    val codeVerifier = CodeVerifierUtil.generateRandomCodeVerifier()
                    val codeChallenge = CodeVerifierUtil.getCodeChallenge(codeVerifier)

                    truecallerCodeVerifier = codeVerifier

                    Log.d("authorizationCode","$codeVerifier")

                    TcSdk.getInstance().setOAuthState(stateRequested)
                    codeChallenge?.let { TcSdk.getInstance().setCodeChallenge(it) }
                    TcSdk.getInstance().setOAuthScopes(arrayOf("openid", "phone",))

                    TcSdk.getInstance().getAuthorizationCode(this@NewLoginActivity)
                } else {
                    Toast.makeText(this@NewLoginActivity, "Truecaller not usable", Toast.LENGTH_SHORT).show()
                }
            }
        }





    }



    private fun showPhoneInputDialogForTruecallerFallback() {

    }



    override fun onActivityResult(requestCode: Int, resultCode: Int, data: Intent?) {
        super.onActivityResult(requestCode, resultCode, data)
        if (requestCode == TcSdk.SHARE_PROFILE_REQUEST_CODE) {
            TcSdk.getInstance().onActivityResultObtained(this, requestCode, resultCode, data)
        }
    }



    private fun setupOnboarding() {
        // Set up onboarding ViewPager and TabLayout
        val pages = listOf(R.layout.onboarding_page1, R.layout.onboarding_page1, R.layout.onboarding_page1)
        val adapter = OnboardingPagerAdapter(pages, images, titles, subtitles)
        binding.viewPagerOnboarding.adapter = adapter

        TabLayoutMediator(binding.tabLayout, binding.viewPagerOnboarding) { tab, position ->
            val customView = LayoutInflater.from(this).inflate(R.layout.custom_tab_indicator, null)
            val indicator = customView.findViewById<ImageView>(R.id.indicator)
            indicator.setImageResource(if (position == 0) R.drawable.indicator_selected else R.drawable.indicator_unselected)
            tab.customView = customView
        }.attach()

        binding.viewPagerOnboarding.registerOnPageChangeCallback(object : ViewPager2.OnPageChangeCallback() {
            override fun onPageSelected(position: Int) {
                binding.rootLayout.setBackgroundColor(resources.getColor(colors[position], null))
                for (i in 0 until binding.tabLayout.tabCount) {
                    val icon = binding.tabLayout.getTabAt(i)?.customView?.findViewById<ImageView>(R.id.indicator)
                    icon?.setImageResource(if (i == position) R.drawable.indicator_selected else R.drawable.indicator_unselected)
                }
            }
        })

        // Automatically move the ViewPager every 2 seconds
        lifecycleScope.launch {
            while (true) {
                delay(2000) // Wait for 2 seconds
                val currentItem = binding.viewPagerOnboarding.currentItem
                val nextItem = (currentItem + 1) % adapter.itemCount
                binding.viewPagerOnboarding.setCurrentItem(nextItem, true) // Smooth transition
            }
        }
    }




    private fun initUI() {

        DPreferences(this).setReferralCode("") // Save empty referral code initially
        val savedReferCode = DPreferences(this).getReferralCode()
        Log.d("savedReferCode","$savedReferCode")
        checkReferal()

        binding.btnSendOtp.setOnClickListener {
            closeKeyboard()
            binding.btnSendOtp.isEnabled = false

            // Retrieve mobile number
            val mobile = binding.etMobileNumber.text.toString()
            val countryCode = binding.tvCountryCode.text.toString().toInt()

            // Regex for validating 10-digit mobile numbers starting with 6-9
            val mobileRegex = Regex("^[6-9]\\d{9}$")

            // Validation logic
            if (TextUtils.isEmpty(mobile) || !mobile.matches(mobileRegex)) {
                // Invalid mobile number case
                binding.tvOtpText.text = getString(R.string.invalid_phone_number_text)
                binding.tvOtpText.setTextColor(getColor(R.color.text_light_grey))
                //   binding.cvLogin.setBackgroundResource(R.drawable.card_view_border_error)
                showSnackbar("Enter a valid 10-digit mobile number")
                binding.btnSendOtp.isEnabled = true
            } else {
                // Valid mobile number case
                val r = Random(System.currentTimeMillis())
                otp = r.nextInt(100000, 999999)

                // Send OTP
                sendOTP(mobile, countryCode)
            }
        }

        binding.clCountry.setOnClickListener {
            val bottomSheet = BottomSheetCountry()
            bottomSheet.show(
                supportFragmentManager, "BottomSheetCountry"
            )
        }
//        binding.etMobileNumber.setOnTouchListener { v, _ ->
//            binding.cvLogin.setBackgroundResource(R.drawable.card_view_border_active)
//            false
//        }
        binding.cbTermsAndConditions.setOnCheckedChangeListener { buttonView, isChecked ->
            if (isChecked) {
                //  binding.btnSendOtp.setBackgroundResource(R.drawable.d_button_bg_white)
                binding.btnSendOtp.isEnabled = true
            } else {
//binding.btnSendOtp.setBackgroundResource(R.drawable.d_button_bg)
                binding.btnSendOtp.isEnabled = false
            }
        }
        binding.etMobileNumber.addTextChangedListener(object : TextWatcher {
            override fun beforeTextChanged(s: CharSequence, start: Int, count: Int, after: Int) {
            }

            override fun onTextChanged(s: CharSequence, start: Int, before: Int, count: Int) {
                window.statusBarColor = resources.getColor(R.color.dark_blue)
                if (!binding.cbTermsAndConditions.isChecked || TextUtils.isEmpty(s)) {
                    //     binding.btnSendOtp.setBackgroundResource(R.drawable.d_button_bg)
                    binding.btnSendOtp.isEnabled = false
                } else {
                    //      binding.btnSendOtp.setBackgroundResource(R.drawable.d_button_bg_white)
                    binding.btnSendOtp.isEnabled = true
                }
            }

            override fun afterTextChanged(s: Editable) {
            }
        })
        loginViewModel.sendOTPResponseLiveData.observe(this, Observer {
            binding.pbSendOtpLoader.visibility = View.GONE
            binding.btnSendOtp.setText(getString(R.string.send_otp))
            binding.btnSendOtp.isEnabled = true
            if (it.success) {
                binding.loginSection.visibility  = View.GONE
                binding.otpSection.visibility  = View.VISIBLE

                initOtpUI(mobile.toString(), otp.toString().toInt(),binding.tvCountryCode.text.toString().toInt())
//                val intent = Intent(this, VerifyOTPActivity::class.java)
//                intent.putExtra(DConstants.MOBILE_NUMBER, mobile)
//                intent.putExtra(DConstants.COUNTRY_CODE, binding.tvCountryCode.text.toString().toInt())
//                intent.putExtra(DConstants.OTP, otp)
//                startActivity(intent)
            } else {
                binding.tvOtpText.text = it.message
                binding.tvOtpText.setTextColor(getColor(R.color.error))
                // binding.cvLogin.setBackgroundResource(R.drawable.card_view_border_error)
            }
        })
        loginViewModel.sendOTPErrorLiveData.observe(this, Observer {
            binding.pbSendOtpLoader.visibility = View.GONE
            binding.btnSendOtp.setText(getString(R.string.send_otp))
            binding.btnSendOtp.isEnabled = true
            binding.tvOtpText.text = getString(R.string.please_try_again_later)
            binding.tvOtpText.setTextColor(getColor(R.color.error))
            // binding.cvLogin.setBackgroundResource(R.drawable.card_view_border_error)
        })

        setMessageWithClickableLink()
    }

    private fun setMessageWithClickableLink() {
        val content = HtmlCompat.fromHtml(
            getString(R.string.terms_and_conditions_text),
            HtmlCompat.FROM_HTML_MODE_LEGACY
        ).toString()

        val spannableString = SpannableString(content)

        addClickablePart(
            spannableString,
            "terms & conditions"
        ) {
            startActivity(Intent(this, WebviewActivity::class.java))
        }


        addClickablePart(
            spannableString,
            "community guidelines & moderation policy"
        ) {
            startActivity(Intent(this, CommunityGuidelineActivity::class.java))
        }

        binding.tvTermsAndConditions.text = spannableString
        binding.tvTermsAndConditions.movementMethod = LinkMovementMethod.getInstance()
        binding.tvTermsAndConditions.highlightColor = Color.TRANSPARENT

        binding.tvOtpTermsAndConditions.text = spannableString
        binding.tvOtpTermsAndConditions.movementMethod = LinkMovementMethod.getInstance()
        binding.tvOtpTermsAndConditions.highlightColor = Color.TRANSPARENT
    }

    private fun addClickablePart(spannable: SpannableString, phrase: String, onClick: () -> Unit) {
        val start = spannable.indexOf(phrase)
        if (start >= 0) {
            val end = start + phrase.length
            val clickableSpan = object : ClickableSpan() {
                override fun onClick(widget: View) = onClick()

                override fun updateDrawState(ds: TextPaint) {
                    super.updateDrawState(ds)
                    ds.color = getColor(R.color.colorPrimaryDark)
                    ds.isUnderlineText = false
                }
            }
            spannable.setSpan(clickableSpan, start, end, Spanned.SPAN_EXCLUSIVE_EXCLUSIVE)
        }
    }


//    private fun setMessageWithClickableLink() {
//        val content = getString(R.string.terms_and_conditions_text, getString(R.string.app_name))
//        val clickableSpan = object : ClickableSpan() {
//            override fun onClick(textView: View) {
//                val intent = Intent(this@NewLoginActivity, WebviewActivity::class.java)
//                startActivity(intent)
//            }
//
//            override fun updateDrawState(textPaint: TextPaint) {
//                super.updateDrawState(textPaint)
//                textPaint.color = getColor(R.color.colorPrimaryDark)
//                textPaint.isUnderlineText = false
//            }
//        }
//        val startIndex = content.indexOf("terms & conditions")
//        val endIndex = startIndex + "terms & conditions".length
//        val spannableString = SpannableString(content)
//        spannableString.setSpan(
//            clickableSpan,
//            startIndex,
//            endIndex,
//            Spanned.SPAN_EXCLUSIVE_EXCLUSIVE
//        )
//        binding.tvTermsAndConditions.text = spannableString
//        binding.tvTermsAndConditions.movementMethod = LinkMovementMethod.getInstance()
//    }

    private fun sendOTP(mobile: String, countryCode:Int) {
        this.mobile = mobile
        otp?.let {
            binding.pbSendOtpLoader.visibility = View.VISIBLE
            binding.btnSendOtp.setText("")
            loginViewModel.sendOTP(mobile, countryCode, it)
        }
    }

    override fun onItemSelected(country: Country) {
        binding.ivFlag.setImageResource(country.image)
        binding.tvCountryCode.text = country.code
    }

    private fun showSnackbar(message: String) {
        Snackbar.make(binding.root, message, Snackbar.LENGTH_SHORT).show()
    }


    private fun initOtpUI(mobile: String, otp: Int, countryCode: Int) {
        window.statusBarColor = resources.getColor(R.color.dark_blue)
        binding.tvOtpMobileNumber.text = " $mobile"
        binding.tvOtpMobileNumber.paintFlags =
            binding.tvOtpMobileNumber.paintFlags or Paint.UNDERLINE_TEXT_FLAG
        binding.ivEdit.setOnClickListener(View.OnClickListener {
            binding.loginSection.visibility  = View.VISIBLE
            binding.otpSection.visibility  = View.GONE
            binding.pvOtp.setText("")
            stopTimer()
        })
        loginViewModel.sendOTPResponseLiveData.observe(this, Observer {
            binding.pbLoader.visibility = View.GONE
            binding.btnResendOtp.setText(getString(R.string.resend_otp))
            startTimer()
        })

        loginViewModel.loginErrorLiveData.observe(this, Observer {
            binding.pbVerifyOtpLoader.visibility = View.GONE
            binding.btnVerifyOtp.setText(getString(R.string.verify_otp))
            binding.btnVerifyOtp.isEnabled = true
        })
        loginViewModel.loginResponseLiveData.observe(this, Observer {
            binding.pbVerifyOtpLoader.visibility = View.GONE
            binding.btnVerifyOtp.setText(getString(R.string.verify_otp))
            binding.btnVerifyOtp.isEnabled = true
            if (it.success) {
                if (it.registered) {
                    it.data?.let { it1 ->
                        BaseApplication.getInstance()?.getPrefs()?.setUserData(it1)
                        BaseApplication.getInstance()?.getPrefs()?.setAuthenticationToken(it.token)
                    }
                    var intent: Intent? = null
                    if (it.data?.gender == DConstants.MALE) {
                        intent = Intent(this, MainActivity::class.java)
                        intent.setFlags(Intent.FLAG_ACTIVITY_NEW_TASK or Intent.FLAG_ACTIVITY_CLEAR_TASK)
                        startActivity(intent)
                    } else {
                        if (it.data?.status == 2) {
                            intent = Intent(this, MainActivity::class.java)
                            intent.putExtra(
                                DConstants.AVATAR_ID,
                                getIntent().getIntExtra(DConstants.AVATAR_ID, 0)
                            )
                            intent.putExtra(DConstants.LANGUAGE, it.data?.language)
                            intent.setFlags(Intent.FLAG_ACTIVITY_NEW_TASK or Intent.FLAG_ACTIVITY_CLEAR_TASK)
                        } else if (it.data?.status == 1) {
                            intent = Intent(this, AlmostDoneActivity::class.java)
                            intent.setFlags(Intent.FLAG_ACTIVITY_NEW_TASK or Intent.FLAG_ACTIVITY_CLEAR_TASK)
                        } else {
                            intent = Intent(this, VoiceIdentificationActivity::class.java)
                            intent.putExtra(DConstants.LANGUAGE, it.data?.language)
                            intent.setFlags(Intent.FLAG_ACTIVITY_NEW_TASK or Intent.FLAG_ACTIVITY_CLEAR_TASK)
                        }
                    }
                    startActivity(intent)
                    finish()
                } else {
                    val intent = Intent(this, SelectGenderActivity::class.java)
                    intent.putExtra(DConstants.MOBILE_NUMBER, it.usernumber)
                    startActivity(intent)
                }
            }
        })
        binding.btnResendOtp.setOnClickListener({
            binding.btnResendOtp.setText("")
            binding.pbLoader.visibility = View.VISIBLE
            loginViewModel.sendOTP(mobile, countryCode, otp)
        })
        binding.pvOtp.addTextChangedListener(object : TextWatcher {
            override fun beforeTextChanged(s: CharSequence, start: Int, count: Int, after: Int) {
            }

            override fun onTextChanged(s: CharSequence, start: Int, before: Int, count: Int) {
            }

            override fun afterTextChanged(s: Editable) {
                if(s.toString().length==6){
                    //   binding.btnVerifyOtp.setBackgroundResource(R.drawable.d_button_bg_white)
                    binding.btnVerifyOtp.isEnabled = true
                }else{
                    //    binding.btnVerifyOtp.setBackgroundResource(R.drawable.d_button_bg)
                    binding.btnVerifyOtp.isEnabled = false
                }
            }
        }
        )
        binding.btnVerifyOtp.setOnClickListener {
            closeKeyboard()
            val enteredOTP = binding.pvOtp.text.toString().toInt()
            val default = "011011".toInt() // Convert default to Int
            if (enteredOTP == otp) {
                Log.d("defaultOtp","$enteredOTP")
                binding.pbVerifyOtpLoader.visibility = View.VISIBLE
                binding.btnVerifyOtp.text = ""
                login(mobile)
            } else if (enteredOTP == default) {
                Log.d("defaultOtp","$enteredOTP")
                binding.pbVerifyOtpLoader.visibility = View.VISIBLE
                binding.btnVerifyOtp.text = ""
                login(mobile)
            }
        }
    }

    private fun startTimer(){
        timer = object : CountDownTimer(60000, 1000) {
            override fun onTick(millisUntilFinished: Long) {
                binding.btnResendOtp.isEnabled = false
                val time = millisUntilFinished / 1000
                binding.btnResendOtp.setText(getString(R.string.retry_in, if(time<10) "0$time" else time.toString()))
            }

            override fun onFinish() {
                binding.btnResendOtp.visibility = View.VISIBLE
                binding.btnResendOtp.setText("Resend")
                binding.btnResendOtp.isEnabled = true
                binding.btnResendOtp.isEnabled = true
            }
        }.start()
    }

    private fun stopTimer() {
        timer?.cancel()  // This will stop the countdown and call onFinish()
        binding.btnResendOtp.setText("Resend") // Optionally reset the button text
    }


    private fun login(mobile: String) {
        Log.d("VerifyOTP", "Calling login function now")
        Log.d("VerifyOTP", "$mobile")

        if (mobile.isNotEmpty()){
            Log.d("VerifyOTP", "Not Empty")

            loginViewModel.login(mobile,"0","0")

        }
    }


    private fun closeKeyboard() {
        val inputMethodManager = getSystemService(Context.INPUT_METHOD_SERVICE) as InputMethodManager
        val currentFocusedView = currentFocus
        if (currentFocusedView != null) {
            inputMethodManager.hideSoftInputFromWindow(currentFocusedView.windowToken, InputMethodManager.HIDE_NOT_ALWAYS)
        }
    }

    fun checkReferal(){
        binding.referCodeCheckbox.setOnCheckedChangeListener { buttonView, isChecked ->
            if (isChecked) {
                //  binding.btnSendOtp.setBackgroundResource(R.drawable.d_button_bg_white)
                binding.cvReferCode.visibility = View.VISIBLE
            } else {

                binding.etReferCode.setText("")
                binding.cvReferCode.visibility = View.GONE
            }
        }

        binding.etReferCode.addTextChangedListener(object : TextWatcher {
            override fun beforeTextChanged(s: CharSequence, start: Int, count: Int, after: Int) {
            }

            override fun onTextChanged(s: CharSequence, start: Int, before: Int, count: Int) {
                binding.applyReferral.setText("Apply")
                DPreferences(this@NewLoginActivity).setReferralCode("") // Save empty referral code initially
                val savedReferCode = DPreferences(this@NewLoginActivity).getReferralCode()

                Log.d("savedReferCode","$savedReferCode")


            }

            override fun afterTextChanged(s: Editable) {
            }
        })



        binding.applyReferral.setOnClickListener {
            val mobile = binding.etMobileNumber.text.toString()

            val mobileRegex = Regex("^[6-9]\\d{9}$")
            var refercode = binding.etReferCode.text.toString()

            // Validation logic
            if (TextUtils.isEmpty(mobile) || !mobile.matches(mobileRegex)) {
                showSnackbar("Enter a valid 10-digit mobile number")
            }else if (binding.etReferCode.text.isEmpty()){
                showSnackbar("Referral code can't be empty")
            }else{
                referralCodeViewModel.checkReferCode(mobile,refercode)
            }
        }
    }

    fun observeReferralCodeResponse() {

        referralCodeViewModel.referCodeResponseLiveData.observe(this) { response ->
            Log.d("referCodeResponseLiveData", "$response")

            response?.let {
                if (it.success) {
                    binding.applyReferral.setText("Applied")
                    Toast.makeText(this@NewLoginActivity, "Refer code applied successfully", Toast.LENGTH_SHORT).show()
                    val referCode = binding.etReferCode.text.toString()
                    DPreferences(this).setReferralCode(referCode)
                    val savedReferCode = DPreferences(this).getReferralCode()
                    Log.d("savedReferCode","$savedReferCode")
                } else {
                    Toast.makeText(this@NewLoginActivity, "${it.message}", Toast.LENGTH_SHORT).show()
                }
            }


        }

    }


//    override fun onRequestPermissionsResult(
//        requestCode: Int, permissions: Array<out String>, grantResults: IntArray
//    ) {
//        super.onRequestPermissionsResult(requestCode, permissions, grantResults)
//
//        if (requestCode == 1001) {
//            if (grantResults.all { it == PackageManager.PERMISSION_GRANTED }) {
//                Toast.makeText(this, "Permissions granted", Toast.LENGTH_SHORT).show()
//            } else {
//                Toast.makeText(this, "Permissions denied. Verification may not work.", Toast.LENGTH_LONG).show()
//            }
//        }
//    }

}
	at org.jetbrains.kotlin.types.expressions.ExpressionTypingVisitorDispatcher.logOrThrowException(ExpressionTypingVisitorDispatcher.java:261)
	at org.jetbrains.kotlin.types.expressions.ExpressionTypingVisitorDispatcher.lambda$getTypeInfo$0(ExpressionTypingVisitorDispatcher.java:225)
	at org.jetbrains.kotlin.util.PerformanceCounter.time(PerformanceCounter.kt:90)
	at org.jetbrains.kotlin.types.expressions.ExpressionTypingVisitorDispatcher.getTypeInfo(ExpressionTypingVisitorDispatcher.java:165)
	at org.jetbrains.kotlin.types.expressions.ExpressionTypingVisitorDispatcher.getTypeInfo(ExpressionTypingVisitorDispatcher.java:135)
	at org.jetbrains.kotlin.types.expressions.ExpressionTypingServices.getTypeInfo(ExpressionTypingServices.java:126)
	at org.jetbrains.kotlin.resolve.calls.tower.PSICallResolver.resolveValueArgument(PSICallResolver.kt:818)
	at org.jetbrains.kotlin.resolve.calls.tower.PSICallResolver.resolveArgumentsInParenthesis(PSICallResolver.kt:754)
	at org.jetbrains.kotlin.resolve.calls.tower.PSICallResolver.toKotlinCall(PSICallResolver.kt:613)
	at org.jetbrains.kotlin.resolve.calls.tower.PSICallResolver.toKotlinCall$default(PSICallResolver.kt:589)
	at org.jetbrains.kotlin.resolve.calls.tower.PSICallResolver.runResolutionAndInference(PSICallResolver.kt:109)
	at org.jetbrains.kotlin.resolve.calls.CallResolver.doResolveCallOrGetCachedResults(CallResolver.java:602)
	at org.jetbrains.kotlin.resolve.calls.CallResolver.lambda$computeTasksAndResolveCall$0(CallResolver.java:213)
	at org.jetbrains.kotlin.util.PerformanceCounter.time(PerformanceCounter.kt:90)
	at org.jetbrains.kotlin.resolve.calls.CallResolver.computeTasksAndResolveCall(CallResolver.java:211)
	at org.jetbrains.kotlin.resolve.calls.CallResolver.computeTasksAndResolveCall(CallResolver.java:199)
	at org.jetbrains.kotlin.resolve.calls.CallResolver.resolveFunctionCall(CallResolver.java:329)
	at org.jetbrains.kotlin.resolve.calls.CallExpressionResolver.getResolvedCallForFunction(CallExpressionResolver.kt:86)
	at org.jetbrains.kotlin.resolve.calls.CallExpressionResolver.getCallExpressionTypeInfoWithoutFinalTypeCheck(CallExpressionResolver.kt:208)
	at org.jetbrains.kotlin.resolve.calls.CallExpressionResolver.getCallExpressionTypeInfo(CallExpressionResolver.kt:185)
	at org.jetbrains.kotlin.types.expressions.BasicExpressionTypingVisitor.visitCallExpression(BasicExpressionTypingVisitor.java:731)
	at org.jetbrains.kotlin.types.expressions.ExpressionTypingVisitorDispatcher.visitCallExpression(ExpressionTypingVisitorDispatcher.java:396)
	at org.jetbrains.kotlin.types.expressions.ExpressionTypingVisitorDispatcher$ForDeclarations.visitCallExpression(ExpressionTypingVisitorDispatcher.java:47)
	at org.jetbrains.kotlin.psi.KtCallExpression.accept(KtCallExpression.java:35)
	at org.jetbrains.kotlin.types.expressions.ExpressionTypingVisitorDispatcher.lambda$getTypeInfo$0(ExpressionTypingVisitorDispatcher.java:176)
	at org.jetbrains.kotlin.util.PerformanceCounter.time(PerformanceCounter.kt:90)
	at org.jetbrains.kotlin.types.expressions.ExpressionTypingVisitorDispatcher.getTypeInfo(ExpressionTypingVisitorDispatcher.java:165)
	at org.jetbrains.kotlin.types.expressions.ExpressionTypingVisitorDispatcher.getTypeInfo(ExpressionTypingVisitorDispatcher.java:135)
	at org.jetbrains.kotlin.types.expressions.ExpressionTypingVisitorDispatcher.getTypeInfo(ExpressionTypingVisitorDispatcher.java:147)
	at org.jetbrains.kotlin.types.expressions.ExpressionTypingServices.getTypeInfo(ExpressionTypingServices.java:121)
	at org.jetbrains.kotlin.types.expressions.ExpressionTypingServices.getTypeInfo(ExpressionTypingServices.java:96)
	at org.jetbrains.kotlin.types.expressions.ExpressionTypingServices.getType(ExpressionTypingServices.java:138)
	at org.jetbrains.kotlin.types.expressions.ExpressionTypingServices.safeGetType(ExpressionTypingServices.java:81)
	at org.jetbrains.kotlin.resolve.VariableTypeAndInitializerResolver.resolveInitializerType(VariableTypeAndInitializerResolver.kt:178)
	at org.jetbrains.kotlin.resolve.VariableTypeAndInitializerResolver.resolveTypeNullable$lambda$1(VariableTypeAndInitializerResolver.kt:94)
	at org.jetbrains.kotlin.storage.LockBasedStorageManager$LockBasedLazyValue.invoke(LockBasedStorageManager.java:408)
	at org.jetbrains.kotlin.storage.LockBasedStorageManager$LockBasedNotNullLazyValue.invoke(LockBasedStorageManager.java:527)
	at org.jetbrains.kotlin.types.DeferredType.getDelegate(DeferredType.java:108)
	at org.jetbrains.kotlin.types.WrappedType.getAttributes(KotlinType.kt:135)
	at org.jetbrains.kotlin.types.KotlinType.getAnnotations(KotlinType.kt:57)
	at org.jetbrains.kotlin.resolve.lazy.ForceResolveUtil.forceResolveAllContents(ForceResolveUtil.java:109)
	at org.jetbrains.kotlin.resolve.lazy.ForceResolveUtil.doForceResolveAllContents(ForceResolveUtil.java:96)
	at org.jetbrains.kotlin.resolve.lazy.ForceResolveUtil.forceResolveAllContents(ForceResolveUtil.java:42)
	at org.jetbrains.kotlin.resolve.lazy.ForceResolveUtil.forceResolveAllContents(ForceResolveUtil.java:52)
	at org.jetbrains.kotlin.resolve.lazy.ForceResolveUtil.forceResolveAllContents(ForceResolveUtil.java:47)
	at org.jetbrains.kotlin.resolve.lazy.descriptors.LazyClassDescriptor.doForceResolveAllContents(LazyClassDescriptor.java:733)
	at org.jetbrains.kotlin.resolve.lazy.descriptors.LazyClassDescriptor.lambda$new$4(LazyClassDescriptor.java:222)
	at org.jetbrains.kotlin.storage.LockBasedStorageManager$LockBasedLazyValue.invoke(LockBasedStorageManager.java:408)
	at org.jetbrains.kotlin.resolve.lazy.descriptors.LazyClassDescriptor.forceResolveAllContents(LazyClassDescriptor.java:721)
	at org.jetbrains.kotlin.resolve.lazy.ForceResolveUtil.doForceResolveAllContents(ForceResolveUtil.java:78)
	at org.jetbrains.kotlin.resolve.lazy.ForceResolveUtil.forceResolveAllContents(ForceResolveUtil.java:42)
	at org.jetbrains.kotlin.resolve.jvm.extensions.PartialAnalysisHandlerExtension.doAnalysis$lambda$0(PartialAnalysisHandlerExtension.kt:73)
	at org.jetbrains.kotlin.resolve.jvm.extensions.PartialAnalysisHandlerExtension.doForEachDeclaration(PartialAnalysisHandlerExtension.kt:126)
	at org.jetbrains.kotlin.resolve.jvm.extensions.PartialAnalysisHandlerExtension.doForEachDeclaration(PartialAnalysisHandlerExtension.kt:141)
	at org.jetbrains.kotlin.resolve.jvm.extensions.PartialAnalysisHandlerExtension.doAnalysis(PartialAnalysisHandlerExtension.kt:68)
	at org.jetbrains.kotlin.kapt3.AbstractKapt3Extension.doAnalysis(Kapt3Extension.kt:130)
	at org.jetbrains.kotlin.cli.jvm.compiler.TopDownAnalyzerFacadeForJVM.analyzeFilesWithJavaIntegration(TopDownAnalyzerFacadeForJVM.kt:112)
	at org.jetbrains.kotlin.cli.jvm.compiler.TopDownAnalyzerFacadeForJVM.analyzeFilesWithJavaIntegration$default(TopDownAnalyzerFacadeForJVM.kt:75)
	at org.jetbrains.kotlin.cli.jvm.compiler.KotlinToJVMBytecodeCompiler.analyze$lambda$12(KotlinToJVMBytecodeCompiler.kt:373)
	at org.jetbrains.kotlin.cli.common.messages.AnalyzerWithCompilerReport.analyzeAndReport(AnalyzerWithCompilerReport.kt:115)
	at org.jetbrains.kotlin.cli.jvm.compiler.KotlinToJVMBytecodeCompiler.analyze(KotlinToJVMBytecodeCompiler.kt:364)
	at org.jetbrains.kotlin.cli.jvm.compiler.KotlinToJVMBytecodeCompiler.runFrontendAndGenerateIrUsingClassicFrontend(KotlinToJVMBytecodeCompiler.kt:195)
	at org.jetbrains.kotlin.cli.jvm.compiler.KotlinToJVMBytecodeCompiler.compileModules$cli(KotlinToJVMBytecodeCompiler.kt:106)
	at org.jetbrains.kotlin.cli.jvm.K2JVMCompiler.doExecute(K2JVMCompiler.kt:176)
	at org.jetbrains.kotlin.cli.jvm.K2JVMCompiler.doExecute(K2JVMCompiler.kt:50)
	at org.jetbrains.kotlin.cli.common.CLICompiler.execImpl(CLICompiler.kt:104)
	at org.jetbrains.kotlin.cli.common.CLICompiler.execImpl(CLICompiler.kt:48)
	at org.jetbrains.kotlin.cli.common.CLITool.exec(CLITool.kt:101)
	at org.jetbrains.kotlin.incremental.IncrementalJvmCompilerRunner.runCompiler(IncrementalJvmCompilerRunner.kt:453)
	at org.jetbrains.kotlin.incremental.IncrementalJvmCompilerRunner.runCompiler(IncrementalJvmCompilerRunner.kt:62)
	at org.jetbrains.kotlin.incremental.IncrementalCompilerRunner.doCompile(IncrementalCompilerRunner.kt:506)
	at org.jetbrains.kotlin.incremental.IncrementalCompilerRunner.compileImpl(IncrementalCompilerRunner.kt:423)
	at org.jetbrains.kotlin.incremental.IncrementalCompilerRunner.compileNonIncrementally(IncrementalCompilerRunner.kt:301)
	at org.jetbrains.kotlin.incremental.IncrementalCompilerRunner.compile(IncrementalCompilerRunner.kt:129)
	at org.jetbrains.kotlin.daemon.CompileServiceImplBase.execIncrementalCompiler(CompileServiceImpl.kt:676)
	at org.jetbrains.kotlin.daemon.CompileServiceImplBase.access$execIncrementalCompiler(CompileServiceImpl.kt:92)
	at org.jetbrains.kotlin.daemon.CompileServiceImpl.compile(CompileServiceImpl.kt:1661)
	at jdk.internal.reflect.GeneratedMethodAccessor97.invoke(Unknown Source)
	at java.base/jdk.internal.reflect.DelegatingMethodAccessorImpl.invoke(DelegatingMethodAccessorImpl.java:43)
	at java.base/java.lang.reflect.Method.invoke(Method.java:569)
	at java.rmi/sun.rmi.server.UnicastServerRef.dispatch(UnicastServerRef.java:360)
	at java.rmi/sun.rmi.transport.Transport$1.run(Transport.java:200)
	at java.rmi/sun.rmi.transport.Transport$1.run(Transport.java:197)
	at java.base/java.security.AccessController.doPrivileged(AccessController.java:712)
	at java.rmi/sun.rmi.transport.Transport.serviceCall(Transport.java:196)
	at java.rmi/sun.rmi.transport.tcp.TCPTransport.handleMessages(TCPTransport.java:587)
	at java.rmi/sun.rmi.transport.tcp.TCPTransport$ConnectionHandler.run0(TCPTransport.java:828)
	at java.rmi/sun.rmi.transport.tcp.TCPTransport$ConnectionHandler.lambda$run$0(TCPTransport.java:705)
	at java.base/java.security.AccessController.doPrivileged(AccessController.java:399)
	at java.rmi/sun.rmi.transport.tcp.TCPTransport$ConnectionHandler.run(TCPTransport.java:704)
	at java.base/java.util.concurrent.ThreadPoolExecutor.runWorker(ThreadPoolExecutor.java:1136)
	at java.base/java.util.concurrent.ThreadPoolExecutor$Worker.run(ThreadPoolExecutor.java:635)
	at java.base/java.lang.Thread.run(Thread.java:840)
Caused by: java.lang.IllegalStateException: Could not read class: VirtualFile: /Users/bala/AndroidStudioProjects/hima_app/app/build/intermediates/compile_and_runtime_not_namespaced_r_class_jar/productionDebug/processProductionDebugResources/R.jar!/com/gmwapp/hima/R$color.class
	at org.jetbrains.kotlin.load.java.structure.impl.classFiles.BinaryJavaClass.<init>(BinaryJavaClass.kt:124)
	at org.jetbrains.kotlin.load.java.structure.impl.classFiles.BinaryJavaClass.findInnerClass(BinaryJavaClass.kt:255)
	at org.jetbrains.kotlin.cli.jvm.compiler.KotlinCliJavaFileManagerImpl.findClass(KotlinCliJavaFileManagerImpl.kt:121)
	at org.jetbrains.kotlin.resolve.jvm.KotlinJavaPsiFacade$CliFinder.findClass(KotlinJavaPsiFacade.java:538)
	at org.jetbrains.kotlin.resolve.jvm.KotlinJavaPsiFacade.findClass(KotlinJavaPsiFacade.java:181)
	at org.jetbrains.kotlin.load.java.JavaClassFinderImpl.findClass(JavaClassFinderImpl.kt:46)
	at org.jetbrains.kotlin.load.java.lazy.descriptors.LazyJavaClassMemberScope.nestedClasses$lambda$59(LazyJavaClassMemberScope.kt:817)
	at org.jetbrains.kotlin.storage.LockBasedStorageManager$MapBasedMemoizedFunction.invoke(LockBasedStorageManager.java:578)
	at org.jetbrains.kotlin.load.java.lazy.descriptors.LazyJavaClassMemberScope.getContributedClassifier(LazyJavaClassMemberScope.kt:860)
	at org.jetbrains.kotlin.resolve.scopes.InnerClassesScopeWrapper.getContributedClassifier(InnerClassesScopeWrapper.kt:29)
	at org.jetbrains.kotlin.resolve.QualifiedExpressionResolver.getContributedClassifier(QualifiedExpressionResolver.kt:570)
	at org.jetbrains.kotlin.resolve.QualifiedExpressionResolver.resolveToPackageOrClassPrefix(QualifiedExpressionResolver.kt:538)
	at org.jetbrains.kotlin.resolve.QualifiedExpressionResolver.resolveQualifierInExpressionAndUnroll(QualifiedExpressionResolver.kt:646)
	at org.jetbrains.kotlin.resolve.calls.CallExpressionResolver.elementChain(CallExpressionResolver.kt:295)
	at org.jetbrains.kotlin.resolve.calls.CallExpressionResolver.getQualifiedExpressionTypeInfo(CallExpressionResolver.kt:440)
	at org.jetbrains.kotlin.types.expressions.BasicExpressionTypingVisitor.visitQualifiedExpression(BasicExpressionTypingVisitor.java:725)
	at org.jetbrains.kotlin.types.expressions.ExpressionTypingVisitorDispatcher.visitQualifiedExpression(ExpressionTypingVisitorDispatcher.java:391)
	at org.jetbrains.kotlin.types.expressions.ExpressionTypingVisitorDispatcher$ForDeclarations.visitQualifiedExpression(ExpressionTypingVisitorDispatcher.java:47)
	at org.jetbrains.kotlin.psi.KtVisitor.visitDotQualifiedExpression(KtVisitor.java:316)
	at org.jetbrains.kotlin.psi.KtDotQualifiedExpression.accept(KtDotQualifiedExpression.kt:33)
	at org.jetbrains.kotlin.types.expressions.ExpressionTypingVisitorDispatcher.lambda$getTypeInfo$0(ExpressionTypingVisitorDispatcher.java:176)
	... 91 more
Caused by: java.nio.file.NoSuchFileException: /Users/bala/AndroidStudioProjects/hima_app/app/build/intermediates/compile_and_runtime_not_namespaced_r_class_jar/productionDebug/processProductionDebugResources/R.jar
	at java.base/sun.nio.fs.UnixException.translateToIOException(UnixException.java:92)
	at java.base/sun.nio.fs.UnixException.rethrowAsIOException(UnixException.java:106)
	at java.base/sun.nio.fs.UnixException.rethrowAsIOException(UnixException.java:111)
	at java.base/sun.nio.fs.UnixFileAttributeViews$Basic.readAttributes(UnixFileAttributeViews.java:55)
	at java.base/sun.nio.fs.UnixFileSystemProvider.readAttributes(UnixFileSystemProvider.java:148)
	at java.base/java.nio.file.Files.readAttributes(Files.java:1851)
	at org.jetbrains.kotlin.com.intellij.openapi.vfs.impl.ZipHandler.acquireZipHandle(ZipHandler.java:50)
	at org.jetbrains.kotlin.com.intellij.openapi.vfs.impl.ZipHandlerBase.contentsToByteArray(ZipHandlerBase.java:100)
	at org.jetbrains.kotlin.com.intellij.openapi.vfs.impl.jar.CoreJarVirtualFile.contentsToByteArray(CoreJarVirtualFile.java:111)
	at org.jetbrains.kotlin.load.java.structure.impl.classFiles.BinaryJavaClass.<init>(BinaryJavaClass.kt:119)
	... 111 more


